<?xml version="1.0" encoding="ISO-8859-1" ?>
<link_info>
   <banner>TMS320C2000 Linker PC v18.1.2.LTS</banner>
   <copyright>Copyright (c) 1996-2017 Texas Instruments Incorporated</copyright>
   <link_time>0x5c0b34dc</link_time>
   <link_errors>0x0</link_errors>
   <output_file>DEBUG_TERMINAL_.out</output_file>
   <entry_point>
      <name>code_start</name>
      <address>0x80000</address>
   </entry_point>
   <input_file_list>
      <input_file id="fl-2">
         <path>.\</path>
         <kind>object</kind>
         <file>main.obj</file>
         <name>main.obj</name>
      </input_file>
      <input_file id="fl-3">
         <path>.\device\</path>
         <kind>object</kind>
         <file>device.obj</file>
         <name>device.obj</name>
      </input_file>
      <input_file id="fl-4">
         <path>.\device\</path>
         <kind>object</kind>
         <file>f28004x_codestartbranch.obj</file>
         <name>f28004x_codestartbranch.obj</name>
      </input_file>
      <input_file id="fl-5">
         <path>.\device\driverlib\</path>
         <kind>object</kind>
         <file>adc.obj</file>
         <name>adc.obj</name>
      </input_file>
      <input_file id="fl-6">
         <path>.\device\driverlib\</path>
         <kind>object</kind>
         <file>asysctl.obj</file>
         <name>asysctl.obj</name>
      </input_file>
      <input_file id="fl-7">
         <path>.\device\driverlib\</path>
         <kind>object</kind>
         <file>can.obj</file>
         <name>can.obj</name>
      </input_file>
      <input_file id="fl-8">
         <path>.\device\driverlib\</path>
         <kind>object</kind>
         <file>cla.obj</file>
         <name>cla.obj</name>
      </input_file>
      <input_file id="fl-9">
         <path>.\device\driverlib\</path>
         <kind>object</kind>
         <file>clapromcrc.obj</file>
         <name>clapromcrc.obj</name>
      </input_file>
      <input_file id="fl-a">
         <path>.\device\driverlib\</path>
         <kind>object</kind>
         <file>cmpss.obj</file>
         <name>cmpss.obj</name>
      </input_file>
      <input_file id="fl-b">
         <path>.\device\driverlib\</path>
         <kind>object</kind>
         <file>cputimer.obj</file>
         <name>cputimer.obj</name>
      </input_file>
      <input_file id="fl-c">
         <path>.\device\driverlib\</path>
         <kind>object</kind>
         <file>dac.obj</file>
         <name>dac.obj</name>
      </input_file>
      <input_file id="fl-d">
         <path>.\device\driverlib\</path>
         <kind>object</kind>
         <file>dcc.obj</file>
         <name>dcc.obj</name>
      </input_file>
      <input_file id="fl-e">
         <path>.\device\driverlib\</path>
         <kind>object</kind>
         <file>dcsm.obj</file>
         <name>dcsm.obj</name>
      </input_file>
      <input_file id="fl-f">
         <path>.\device\driverlib\</path>
         <kind>object</kind>
         <file>dma.obj</file>
         <name>dma.obj</name>
      </input_file>
      <input_file id="fl-10">
         <path>.\device\driverlib\</path>
         <kind>object</kind>
         <file>ecap.obj</file>
         <name>ecap.obj</name>
      </input_file>
      <input_file id="fl-11">
         <path>.\device\driverlib\</path>
         <kind>object</kind>
         <file>epwm.obj</file>
         <name>epwm.obj</name>
      </input_file>
      <input_file id="fl-12">
         <path>.\device\driverlib\</path>
         <kind>object</kind>
         <file>eqep.obj</file>
         <name>eqep.obj</name>
      </input_file>
      <input_file id="fl-13">
         <path>.\device\driverlib\</path>
         <kind>object</kind>
         <file>flash.obj</file>
         <name>flash.obj</name>
      </input_file>
      <input_file id="fl-14">
         <path>.\device\driverlib\</path>
         <kind>object</kind>
         <file>fsi.obj</file>
         <name>fsi.obj</name>
      </input_file>
      <input_file id="fl-15">
         <path>.\device\driverlib\</path>
         <kind>object</kind>
         <file>gpio.obj</file>
         <name>gpio.obj</name>
      </input_file>
      <input_file id="fl-16">
         <path>.\device\driverlib\</path>
         <kind>object</kind>
         <file>hrcap.obj</file>
         <name>hrcap.obj</name>
      </input_file>
      <input_file id="fl-17">
         <path>.\device\driverlib\</path>
         <kind>object</kind>
         <file>hrpwm.obj</file>
         <name>hrpwm.obj</name>
      </input_file>
      <input_file id="fl-18">
         <path>.\device\driverlib\</path>
         <kind>object</kind>
         <file>i2c.obj</file>
         <name>i2c.obj</name>
      </input_file>
      <input_file id="fl-19">
         <path>.\device\driverlib\</path>
         <kind>object</kind>
         <file>interrupt.obj</file>
         <name>interrupt.obj</name>
      </input_file>
      <input_file id="fl-1a">
         <path>.\device\driverlib\</path>
         <kind>object</kind>
         <file>lin.obj</file>
         <name>lin.obj</name>
      </input_file>
      <input_file id="fl-1b">
         <path>.\device\driverlib\</path>
         <kind>object</kind>
         <file>memcfg.obj</file>
         <name>memcfg.obj</name>
      </input_file>
      <input_file id="fl-1c">
         <path>.\device\driverlib\</path>
         <kind>object</kind>
         <file>pga.obj</file>
         <name>pga.obj</name>
      </input_file>
      <input_file id="fl-1d">
         <path>.\device\driverlib\</path>
         <kind>object</kind>
         <file>pmbus.obj</file>
         <name>pmbus.obj</name>
      </input_file>
      <input_file id="fl-1e">
         <path>.\device\driverlib\</path>
         <kind>object</kind>
         <file>sci.obj</file>
         <name>sci.obj</name>
      </input_file>
      <input_file id="fl-1f">
         <path>.\device\driverlib\</path>
         <kind>object</kind>
         <file>sdfm.obj</file>
         <name>sdfm.obj</name>
      </input_file>
      <input_file id="fl-20">
         <path>.\device\driverlib\</path>
         <kind>object</kind>
         <file>spi.obj</file>
         <name>spi.obj</name>
      </input_file>
      <input_file id="fl-21">
         <path>.\device\driverlib\</path>
         <kind>object</kind>
         <file>sysctl.obj</file>
         <name>sysctl.obj</name>
      </input_file>
      <input_file id="fl-22">
         <path>.\device\driverlib\</path>
         <kind>object</kind>
         <file>version.obj</file>
         <name>version.obj</name>
      </input_file>
      <input_file id="fl-23">
         <path>.\device\driverlib\</path>
         <kind>object</kind>
         <file>xbar.obj</file>
         <name>xbar.obj</name>
      </input_file>
      <input_file id="fl-24">
         <path>.\super_terminal\</path>
         <kind>object</kind>
         <file>debug_terminal.obj</file>
         <name>debug_terminal.obj</name>
      </input_file>
      <input_file id="fl-25">
         <path>.\super_terminal\</path>
         <kind>object</kind>
         <file>vsprintf.obj</file>
         <name>vsprintf.obj</name>
      </input_file>
      <input_file id="fl-2b">
         <kind>object</kind>
         <file>&lt;internal&gt;</file>
         <name>&lt;internal&gt;</name>
      </input_file>
      <input_file id="fl-37">
         <path>E:\Program Files\Ti\ccsv8\tools\compiler\ti-cgt-c2000_18.1.2.LTS\lib\</path>
         <kind>archive</kind>
         <file>rts2800_fpu32.lib</file>
         <name>vla_alloc.c.obj</name>
      </input_file>
      <input_file id="fl-38">
         <path>E:\Program Files\Ti\ccsv8\tools\compiler\ti-cgt-c2000_18.1.2.LTS\lib\</path>
         <kind>archive</kind>
         <file>rts2800_fpu32.lib</file>
         <name>boot28.asm.obj</name>
      </input_file>
      <input_file id="fl-39">
         <path>E:\Program Files\Ti\ccsv8\tools\compiler\ti-cgt-c2000_18.1.2.LTS\lib\</path>
         <kind>archive</kind>
         <file>rts2800_fpu32.lib</file>
         <name>fs_div28.asm.obj</name>
      </input_file>
      <input_file id="fl-3a">
         <path>E:\Program Files\Ti\ccsv8\tools\compiler\ti-cgt-c2000_18.1.2.LTS\lib\</path>
         <kind>archive</kind>
         <file>rts2800_fpu32.lib</file>
         <name>ll_cmp28.asm.obj</name>
      </input_file>
      <input_file id="fl-3b">
         <path>E:\Program Files\Ti\ccsv8\tools\compiler\ti-cgt-c2000_18.1.2.LTS\lib\</path>
         <kind>archive</kind>
         <file>rts2800_fpu32.lib</file>
         <name>ll_div28.asm.obj</name>
      </input_file>
      <input_file id="fl-3c">
         <path>E:\Program Files\Ti\ccsv8\tools\compiler\ti-cgt-c2000_18.1.2.LTS\lib\</path>
         <kind>archive</kind>
         <file>rts2800_fpu32.lib</file>
         <name>i_div28.asm.obj</name>
      </input_file>
      <input_file id="fl-3d">
         <path>E:\Program Files\Ti\ccsv8\tools\compiler\ti-cgt-c2000_18.1.2.LTS\lib\</path>
         <kind>archive</kind>
         <file>rts2800_fpu32.lib</file>
         <name>cpy_tbl.c.obj</name>
      </input_file>
      <input_file id="fl-3e">
         <path>E:\Program Files\Ti\ccsv8\tools\compiler\ti-cgt-c2000_18.1.2.LTS\lib\</path>
         <kind>archive</kind>
         <file>rts2800_fpu32.lib</file>
         <name>memcpy.c.obj</name>
      </input_file>
      <input_file id="fl-3f">
         <path>E:\Program Files\Ti\ccsv8\tools\compiler\ti-cgt-c2000_18.1.2.LTS\lib\</path>
         <kind>archive</kind>
         <file>rts2800_fpu32.lib</file>
         <name>pre_init.c.obj</name>
      </input_file>
      <input_file id="fl-40">
         <path>E:\Program Files\Ti\ccsv8\tools\compiler\ti-cgt-c2000_18.1.2.LTS\lib\</path>
         <kind>archive</kind>
         <file>rts2800_fpu32.lib</file>
         <name>startup.c.obj</name>
      </input_file>
      <input_file id="fl-41">
         <path>E:\Program Files\Ti\ccsv8\tools\compiler\ti-cgt-c2000_18.1.2.LTS\lib\</path>
         <kind>archive</kind>
         <file>rts2800_fpu32.lib</file>
         <name>exit.c.obj</name>
      </input_file>
      <input_file id="fl-42">
         <path>E:\Program Files\Ti\ccsv8\tools\compiler\ti-cgt-c2000_18.1.2.LTS\lib\</path>
         <kind>archive</kind>
         <file>rts2800_fpu32.lib</file>
         <name>memory.c.obj</name>
      </input_file>
      <input_file id="fl-43">
         <path>E:\Program Files\Ti\ccsv8\tools\compiler\ti-cgt-c2000_18.1.2.LTS\lib\</path>
         <kind>archive</kind>
         <file>rts2800_fpu32.lib</file>
         <name>_lock.c.obj</name>
      </input_file>
      <input_file id="fl-44">
         <path>E:\Program Files\Ti\ccsv8\tools\compiler\ti-cgt-c2000_18.1.2.LTS\lib\</path>
         <kind>archive</kind>
         <file>rts2800_fpu32.lib</file>
         <name>args_main.c.obj</name>
      </input_file>
      <input_file id="fl-45">
         <path>E:\Program Files\Ti\ccsv8\tools\compiler\ti-cgt-c2000_18.1.2.LTS\lib\</path>
         <kind>archive</kind>
         <file>rts2800_fpu32.lib</file>
         <name>error.c.obj</name>
      </input_file>
   </input_file_list>
   <object_component_list>
      <object_component id="oc-11">
         <name>codestart</name>
         <load_address>0x80000</load_address>
         <run_address>0x80000</run_address>
         <size>0x2</size>
         <input_file_ref idref="fl-4"/>
      </object_component>
      <object_component id="oc-133">
         <name>.text</name>
         <load_address>0x81194</load_address>
         <run_address>0x81194</run_address>
         <size>0x73e</size>
         <input_file_ref idref="fl-25"/>
      </object_component>
      <object_component id="oc-136">
         <name>.text</name>
         <load_address>0x818d2</load_address>
         <run_address>0x818d2</run_address>
         <size>0x441</size>
         <input_file_ref idref="fl-21"/>
      </object_component>
      <object_component id="oc-139">
         <name>.text</name>
         <load_address>0x81d13</load_address>
         <run_address>0x81d13</run_address>
         <size>0x2b6</size>
         <input_file_ref idref="fl-1e"/>
      </object_component>
      <object_component id="oc-12d">
         <name>.text</name>
         <load_address>0x81fc9</load_address>
         <run_address>0x81fc9</run_address>
         <size>0x2c</size>
         <input_file_ref idref="fl-2"/>
      </object_component>
      <object_component id="oc-134">
         <name>.text</name>
         <load_address>0x81ff5</load_address>
         <run_address>0x81ff5</run_address>
         <size>0x9</size>
         <input_file_ref idref="fl-43"/>
      </object_component>
      <object_component id="oc-127">
         <name>.text</name>
         <load_address>0x81ffe</load_address>
         <run_address>0x81ffe</run_address>
         <size>0x2</size>
         <input_file_ref idref="fl-3f"/>
      </object_component>
      <object_component id="oc-138">
         <name>.text</name>
         <load_address>0x82000</load_address>
         <run_address>0x82000</run_address>
         <size>0x28f</size>
         <input_file_ref idref="fl-15"/>
      </object_component>
      <object_component id="oc-13f">
         <name>.text</name>
         <load_address>0x8228f</load_address>
         <run_address>0x8228f</run_address>
         <size>0x1d2</size>
         <input_file_ref idref="fl-42"/>
      </object_component>
      <object_component id="oc-131">
         <name>.text</name>
         <load_address>0x82461</load_address>
         <run_address>0x82461</run_address>
         <size>0x18d</size>
         <input_file_ref idref="fl-19"/>
      </object_component>
      <object_component id="oc-13b">
         <name>.text</name>
         <load_address>0x825ee</load_address>
         <run_address>0x825ee</run_address>
         <size>0x178</size>
         <input_file_ref idref="fl-37"/>
      </object_component>
      <object_component id="oc-130">
         <name>.text</name>
         <load_address>0x82766</load_address>
         <run_address>0x82766</run_address>
         <size>0x16d</size>
         <input_file_ref idref="fl-3"/>
      </object_component>
      <object_component id="oc-eb">
         <name>.text</name>
         <load_address>0x828d3</load_address>
         <run_address>0x828d3</run_address>
         <size>0x107</size>
         <input_file_ref idref="fl-3b"/>
      </object_component>
      <object_component id="oc-132">
         <name>.text</name>
         <load_address>0x829da</load_address>
         <run_address>0x829da</run_address>
         <size>0xdd</size>
         <input_file_ref idref="fl-24"/>
      </object_component>
      <object_component id="oc-e1">
         <name>.text</name>
         <load_address>0x82ab7</load_address>
         <run_address>0x82ab7</run_address>
         <size>0x88</size>
         <input_file_ref idref="fl-39"/>
      </object_component>
      <object_component id="oc-da">
         <name>.text</name>
         <load_address>0x82b3f</load_address>
         <run_address>0x82b3f</run_address>
         <size>0x56</size>
         <input_file_ref idref="fl-38"/>
      </object_component>
      <object_component id="oc-13e">
         <name>.text</name>
         <load_address>0x82b95</load_address>
         <run_address>0x82b95</run_address>
         <size>0x3b</size>
         <input_file_ref idref="fl-13"/>
      </object_component>
      <object_component id="oc-12b">
         <name>.text</name>
         <load_address>0x82bd0</load_address>
         <run_address>0x82bd0</run_address>
         <size>0x29</size>
         <input_file_ref idref="fl-41"/>
      </object_component>
      <object_component id="oc-128">
         <name>.text</name>
         <load_address>0x82bf9</load_address>
         <run_address>0x82bf9</run_address>
         <size>0x24</size>
         <input_file_ref idref="fl-3d"/>
      </object_component>
      <object_component id="oc-f0">
         <name>.text</name>
         <load_address>0x82c1d</load_address>
         <run_address>0x82c1d</run_address>
         <size>0x22</size>
         <input_file_ref idref="fl-3c"/>
      </object_component>
      <object_component id="oc-e6">
         <name>.text</name>
         <load_address>0x82c3f</load_address>
         <run_address>0x82c3f</run_address>
         <size>0x1e</size>
         <input_file_ref idref="fl-3a"/>
      </object_component>
      <object_component id="oc-12c">
         <name>.text</name>
         <load_address>0x82c5d</load_address>
         <run_address>0x82c5d</run_address>
         <size>0x1e</size>
         <input_file_ref idref="fl-3e"/>
      </object_component>
      <object_component id="oc-12a">
         <name>.text</name>
         <load_address>0x82c7b</load_address>
         <run_address>0x82c7b</run_address>
         <size>0x19</size>
         <input_file_ref idref="fl-44"/>
      </object_component>
      <object_component id="oc-140">
         <name>.text</name>
         <load_address>0x82c94</load_address>
         <run_address>0x82c94</run_address>
         <size>0x3</size>
         <input_file_ref idref="fl-45"/>
      </object_component>
      <object_component id="oc-129">
         <name>.text</name>
         <load_address>0x82c97</load_address>
         <run_address>0x82c97</run_address>
         <size>0x1</size>
         <input_file_ref idref="fl-40"/>
      </object_component>
      <object_component id="oc-13">
         <name>.cinit</name>
         <load_address>0x81130</load_address>
         <run_address>0x81130</run_address>
         <size>0x43</size>
         <input_file_ref idref="fl-2"/>
      </object_component>
      <object_component id="oc-10a">
         <name>.cinit</name>
         <load_address>0x81173</load_address>
         <run_address>0x81173</run_address>
         <size>0xe</size>
         <input_file_ref idref="fl-41"/>
      </object_component>
      <object_component id="oc-12f">
         <name>.cinit:__lock</name>
         <load_address>0x81181</load_address>
         <run_address>0x81181</run_address>
         <size>0x5</size>
         <input_file_ref idref="fl-43"/>
      </object_component>
      <object_component id="oc-135">
         <name>.cinit:__unlock</name>
         <load_address>0x81186</load_address>
         <run_address>0x81186</run_address>
         <size>0x5</size>
         <input_file_ref idref="fl-43"/>
      </object_component>
      <object_component id="oc-111">
         <name>.cinit</name>
         <load_address>0x8118b</load_address>
         <run_address>0x8118b</run_address>
         <size>0x4</size>
         <input_file_ref idref="fl-42"/>
      </object_component>
      <object_component id="oc-dc">
         <name>.reset</name>
         <load_address>0x3fffc0</load_address>
         <run_address>0x3fffc0</run_address>
         <size>0x2</size>
         <input_file_ref idref="fl-38"/>
      </object_component>
      <object_component id="oc-db">
         <name>.stack</name>
         <uninitialized>true</uninitialized>
         <run_address>0x400</run_address>
         <size>0x0</size>
         <input_file_ref idref="fl-38"/>
      </object_component>
      <object_component id="oc-15b">
         <name>.stack</name>
         <uninitialized>true</uninitialized>
         <run_address>0x400</run_address>
         <size>0x0</size>
      </object_component>
      <object_component id="oc-14">
         <name>.ebss</name>
         <uninitialized>true</uninitialized>
         <run_address>0xac00</run_address>
         <size>0x38</size>
         <input_file_ref idref="fl-2"/>
      </object_component>
      <object_component id="oc-c8">
         <name>.ebss</name>
         <uninitialized>true</uninitialized>
         <run_address>0xac58</run_address>
         <size>0x2</size>
         <input_file_ref idref="fl-24"/>
      </object_component>
      <object_component id="oc-d5">
         <name>.ebss</name>
         <uninitialized>true</uninitialized>
         <run_address>0xac40</run_address>
         <size>0xe</size>
         <input_file_ref idref="fl-37"/>
      </object_component>
      <object_component id="oc-10b">
         <name>.ebss</name>
         <uninitialized>true</uninitialized>
         <run_address>0xac4e</run_address>
         <size>0x6</size>
         <input_file_ref idref="fl-41"/>
      </object_component>
      <object_component id="oc-112">
         <name>.ebss</name>
         <uninitialized>true</uninitialized>
         <run_address>0xac38</run_address>
         <size>0x8</size>
         <input_file_ref idref="fl-42"/>
      </object_component>
      <object_component id="oc-13d">
         <name>.ebss:__unlock</name>
         <uninitialized>true</uninitialized>
         <run_address>0xac56</run_address>
         <size>0x2</size>
         <input_file_ref idref="fl-43"/>
      </object_component>
      <object_component id="oc-12e">
         <name>.ebss:__lock</name>
         <uninitialized>true</uninitialized>
         <run_address>0xac54</run_address>
         <size>0x2</size>
         <input_file_ref idref="fl-43"/>
      </object_component>
      <object_component id="oc-113">
         <name>.esysmem</name>
         <uninitialized>true</uninitialized>
         <run_address>0xa800</run_address>
         <size>0x1</size>
         <input_file_ref idref="fl-42"/>
      </object_component>
      <object_component id="oc-15c">
         <name>.esysmem</name>
         <uninitialized>true</uninitialized>
         <run_address>0xa800</run_address>
         <size>0x0</size>
      </object_component>
      <object_component id="oc-13c">
         <name>.econst:.string:__ctype</name>
         <load_address>0x84000</load_address>
         <run_address>0x84000</run_address>
         <size>0x100</size>
         <input_file_ref idref="fl-25"/>
      </object_component>
      <object_component id="oc-c9">
         <name>.econst:.string</name>
         <load_address>0x84100</load_address>
         <run_address>0x84100</run_address>
         <size>0x51</size>
         <input_file_ref idref="fl-24"/>
      </object_component>
      <object_component id="oc-6f">
         <name>.econst:.string</name>
         <load_address>0x84152</load_address>
         <run_address>0x84152</run_address>
         <size>0x38</size>
         <input_file_ref idref="fl-13"/>
      </object_component>
      <object_component id="oc-7b">
         <name>.econst:.string</name>
         <load_address>0x8418a</load_address>
         <run_address>0x8418a</run_address>
         <size>0x37</size>
         <input_file_ref idref="fl-15"/>
      </object_component>
      <object_component id="oc-b8">
         <name>.econst:.string</name>
         <load_address>0x841c2</load_address>
         <run_address>0x841c2</run_address>
         <size>0x37</size>
         <input_file_ref idref="fl-21"/>
      </object_component>
      <object_component id="oc-2d">
         <name>.econst:.string</name>
         <load_address>0x841fa</load_address>
         <run_address>0x841fa</run_address>
         <size>0x34</size>
         <input_file_ref idref="fl-7"/>
      </object_component>
      <object_component id="oc-75">
         <name>.econst:.string</name>
         <load_address>0x8422e</load_address>
         <run_address>0x8422e</run_address>
         <size>0x34</size>
         <input_file_ref idref="fl-14"/>
      </object_component>
      <object_component id="oc-91">
         <name>.econst:.string</name>
         <load_address>0x84262</load_address>
         <run_address>0x84262</run_address>
         <size>0x34</size>
         <input_file_ref idref="fl-1a"/>
      </object_component>
      <object_component id="oc-a5">
         <name>.econst:.string</name>
         <load_address>0x84296</load_address>
         <run_address>0x84296</run_address>
         <size>0x34</size>
         <input_file_ref idref="fl-1e"/>
      </object_component>
      <object_component id="oc-8b">
         <name>.econst:.string</name>
         <load_address>0x842ca</load_address>
         <run_address>0x842ca</run_address>
         <size>0x20</size>
         <input_file_ref idref="fl-19"/>
      </object_component>
      <object_component id="oc-40">
         <name>.econst:.string</name>
         <load_address>0x842ea</load_address>
         <run_address>0x842ea</run_address>
         <size>0x1f</size>
         <input_file_ref idref="fl-b"/>
      </object_component>
      <object_component id="oc-97">
         <name>.econst:.string</name>
         <load_address>0x8430a</load_address>
         <run_address>0x8430a</run_address>
         <size>0x1d</size>
         <input_file_ref idref="fl-1b"/>
      </object_component>
      <object_component id="oc-3a">
         <name>.econst:.string</name>
         <load_address>0x84328</load_address>
         <run_address>0x84328</run_address>
         <size>0x1c</size>
         <input_file_ref idref="fl-a"/>
      </object_component>
      <object_component id="oc-15">
         <name>.econst:.string</name>
         <load_address>0x84344</load_address>
         <run_address>0x84344</run_address>
         <size>0x1c</size>
         <input_file_ref idref="fl-2"/>
      </object_component>
      <object_component id="oc-9f">
         <name>.econst:.string</name>
         <load_address>0x84360</load_address>
         <run_address>0x84360</run_address>
         <size>0x1c</size>
         <input_file_ref idref="fl-1d"/>
      </object_component>
      <object_component id="oc-5d">
         <name>.econst:.string</name>
         <load_address>0x8437c</load_address>
         <run_address>0x8437c</run_address>
         <size>0x1b</size>
         <input_file_ref idref="fl-10"/>
      </object_component>
      <object_component id="oc-63">
         <name>.econst:.string</name>
         <load_address>0x84398</load_address>
         <run_address>0x84398</run_address>
         <size>0x1b</size>
         <input_file_ref idref="fl-11"/>
      </object_component>
      <object_component id="oc-69">
         <name>.econst:.string</name>
         <load_address>0x843b4</load_address>
         <run_address>0x843b4</run_address>
         <size>0x1b</size>
         <input_file_ref idref="fl-12"/>
      </object_component>
      <object_component id="oc-ab">
         <name>.econst:.string</name>
         <load_address>0x843d0</load_address>
         <run_address>0x843d0</run_address>
         <size>0x1b</size>
         <input_file_ref idref="fl-1f"/>
      </object_component>
      <object_component id="oc-25">
         <name>.econst:.string</name>
         <load_address>0x843ec</load_address>
         <run_address>0x843ec</run_address>
         <size>0x1a</size>
         <input_file_ref idref="fl-5"/>
      </object_component>
      <object_component id="oc-46">
         <name>.econst:.string</name>
         <load_address>0x84406</load_address>
         <run_address>0x84406</run_address>
         <size>0x1a</size>
         <input_file_ref idref="fl-c"/>
      </object_component>
      <object_component id="oc-4c">
         <name>.econst:.string</name>
         <load_address>0x84420</load_address>
         <run_address>0x84420</run_address>
         <size>0x1a</size>
         <input_file_ref idref="fl-d"/>
      </object_component>
      <object_component id="oc-57">
         <name>.econst:.string</name>
         <load_address>0x8443a</load_address>
         <run_address>0x8443a</run_address>
         <size>0x1a</size>
         <input_file_ref idref="fl-f"/>
      </object_component>
      <object_component id="oc-85">
         <name>.econst:.string</name>
         <load_address>0x84454</load_address>
         <run_address>0x84454</run_address>
         <size>0x1a</size>
         <input_file_ref idref="fl-18"/>
      </object_component>
      <object_component id="oc-b1">
         <name>.econst:.string</name>
         <load_address>0x8446e</load_address>
         <run_address>0x8446e</run_address>
         <size>0x1a</size>
         <input_file_ref idref="fl-20"/>
      </object_component>
      <object_component id="oc-1b">
         <name>.econst:.string</name>
         <load_address>0x84488</load_address>
         <run_address>0x84488</run_address>
         <size>0x13</size>
         <input_file_ref idref="fl-3"/>
      </object_component>
      <object_component id="oc-13a">
         <name>.econst:.string:_digits$1</name>
         <load_address>0x8449b</load_address>
         <run_address>0x8449b</run_address>
         <size>0x10</size>
         <input_file_ref idref="fl-25"/>
      </object_component>
      <object_component id="oc-cf">
         <name>.econst:.string</name>
         <load_address>0x844ac</load_address>
         <run_address>0x844ac</run_address>
         <size>0x7</size>
         <input_file_ref idref="fl-25"/>
      </object_component>
      <object_component id="oc-137">
         <name>.TI.ramfunc</name>
         <load_address>0x81000</load_address>
         <run_address>0x8000</run_address>
         <size>0x12c</size>
         <input_file_ref idref="fl-13"/>
      </object_component>
      <object_component id="oc-b7">
         <name>.TI.ramfunc</name>
         <load_address>0x8112c</load_address>
         <run_address>0x812c</run_address>
         <size>0x4</size>
         <input_file_ref idref="fl-21"/>
      </object_component>
      <object_component id="oc-12">
         <name>.debug_info</name>
         <load_address>0x0</load_address>
         <run_address>0x0</run_address>
         <size>0x5d9</size>
         <input_file_ref idref="fl-2"/>
      </object_component>
      <object_component id="oc-1a">
         <name>.debug_info</name>
         <load_address>0x5d9</load_address>
         <run_address>0x5d9</run_address>
         <size>0x1b05</size>
         <input_file_ref idref="fl-3"/>
      </object_component>
      <object_component id="oc-20">
         <name>.debug_info</name>
         <load_address>0x20de</load_address>
         <run_address>0x20de</run_address>
         <size>0x103</size>
         <input_file_ref idref="fl-4"/>
      </object_component>
      <object_component id="oc-24">
         <name>.debug_info</name>
         <load_address>0x21e1</load_address>
         <run_address>0x21e1</run_address>
         <size>0x4e1</size>
         <input_file_ref idref="fl-5"/>
      </object_component>
      <object_component id="oc-2a">
         <name>.debug_info</name>
         <load_address>0x26c2</load_address>
         <run_address>0x26c2</run_address>
         <size>0x18f</size>
         <input_file_ref idref="fl-6"/>
      </object_component>
      <object_component id="oc-2c">
         <name>.debug_info</name>
         <load_address>0x2851</load_address>
         <run_address>0x2851</run_address>
         <size>0x4f3</size>
         <input_file_ref idref="fl-7"/>
      </object_component>
      <object_component id="oc-32">
         <name>.debug_info</name>
         <load_address>0x2d44</load_address>
         <run_address>0x2d44</run_address>
         <size>0x960</size>
         <input_file_ref idref="fl-8"/>
      </object_component>
      <object_component id="oc-37">
         <name>.debug_info</name>
         <load_address>0x36a4</load_address>
         <run_address>0x36a4</run_address>
         <size>0x192</size>
         <input_file_ref idref="fl-9"/>
      </object_component>
      <object_component id="oc-39">
         <name>.debug_info</name>
         <load_address>0x3836</load_address>
         <run_address>0x3836</run_address>
         <size>0x3cf</size>
         <input_file_ref idref="fl-a"/>
      </object_component>
      <object_component id="oc-3f">
         <name>.debug_info</name>
         <load_address>0x3c05</load_address>
         <run_address>0x3c05</run_address>
         <size>0x46d</size>
         <input_file_ref idref="fl-b"/>
      </object_component>
      <object_component id="oc-45">
         <name>.debug_info</name>
         <load_address>0x4072</load_address>
         <run_address>0x4072</run_address>
         <size>0x3eb</size>
         <input_file_ref idref="fl-c"/>
      </object_component>
      <object_component id="oc-4b">
         <name>.debug_info</name>
         <load_address>0x445d</load_address>
         <run_address>0x445d</run_address>
         <size>0x473</size>
         <input_file_ref idref="fl-d"/>
      </object_component>
      <object_component id="oc-51">
         <name>.debug_info</name>
         <load_address>0x48d0</load_address>
         <run_address>0x48d0</run_address>
         <size>0x8bf</size>
         <input_file_ref idref="fl-e"/>
      </object_component>
      <object_component id="oc-56">
         <name>.debug_info</name>
         <load_address>0x518f</load_address>
         <run_address>0x518f</run_address>
         <size>0x985</size>
         <input_file_ref idref="fl-f"/>
      </object_component>
      <object_component id="oc-5c">
         <name>.debug_info</name>
         <load_address>0x5b14</load_address>
         <run_address>0x5b14</run_address>
         <size>0x43b</size>
         <input_file_ref idref="fl-10"/>
      </object_component>
      <object_component id="oc-62">
         <name>.debug_info</name>
         <load_address>0x5f4f</load_address>
         <run_address>0x5f4f</run_address>
         <size>0x453</size>
         <input_file_ref idref="fl-11"/>
      </object_component>
      <object_component id="oc-68">
         <name>.debug_info</name>
         <load_address>0x63a2</load_address>
         <run_address>0x63a2</run_address>
         <size>0x3ce</size>
         <input_file_ref idref="fl-12"/>
      </object_component>
      <object_component id="oc-6e">
         <name>.debug_info</name>
         <load_address>0x6770</load_address>
         <run_address>0x6770</run_address>
         <size>0x1199</size>
         <input_file_ref idref="fl-13"/>
      </object_component>
      <object_component id="oc-74">
         <name>.debug_info</name>
         <load_address>0x7909</load_address>
         <run_address>0x7909</run_address>
         <size>0x524</size>
         <input_file_ref idref="fl-14"/>
      </object_component>
      <object_component id="oc-7a">
         <name>.debug_info</name>
         <load_address>0x7e2d</load_address>
         <run_address>0x7e2d</run_address>
         <size>0x14e6</size>
         <input_file_ref idref="fl-15"/>
      </object_component>
      <object_component id="oc-80">
         <name>.debug_info</name>
         <load_address>0x9313</load_address>
         <run_address>0x9313</run_address>
         <size>0x18d</size>
         <input_file_ref idref="fl-16"/>
      </object_component>
      <object_component id="oc-82">
         <name>.debug_info</name>
         <load_address>0x94a0</load_address>
         <run_address>0x94a0</run_address>
         <size>0x18d</size>
         <input_file_ref idref="fl-17"/>
      </object_component>
      <object_component id="oc-84">
         <name>.debug_info</name>
         <load_address>0x962d</load_address>
         <run_address>0x962d</run_address>
         <size>0x40e</size>
         <input_file_ref idref="fl-18"/>
      </object_component>
      <object_component id="oc-8a">
         <name>.debug_info</name>
         <load_address>0x9a3b</load_address>
         <run_address>0x9a3b</run_address>
         <size>0xbdd</size>
         <input_file_ref idref="fl-19"/>
      </object_component>
      <object_component id="oc-90">
         <name>.debug_info</name>
         <load_address>0xa618</load_address>
         <run_address>0xa618</run_address>
         <size>0x56f</size>
         <input_file_ref idref="fl-1a"/>
      </object_component>
      <object_component id="oc-96">
         <name>.debug_info</name>
         <load_address>0xab87</load_address>
         <run_address>0xab87</run_address>
         <size>0x4a2</size>
         <input_file_ref idref="fl-1b"/>
      </object_component>
      <object_component id="oc-9c">
         <name>.debug_info</name>
         <load_address>0xb029</load_address>
         <run_address>0xb029</run_address>
         <size>0x18b</size>
         <input_file_ref idref="fl-1c"/>
      </object_component>
      <object_component id="oc-9e">
         <name>.debug_info</name>
         <load_address>0xb1b4</load_address>
         <run_address>0xb1b4</run_address>
         <size>0x476</size>
         <input_file_ref idref="fl-1d"/>
      </object_component>
      <object_component id="oc-a4">
         <name>.debug_info</name>
         <load_address>0xb62a</load_address>
         <run_address>0xb62a</run_address>
         <size>0x154e</size>
         <input_file_ref idref="fl-1e"/>
      </object_component>
      <object_component id="oc-aa">
         <name>.debug_info</name>
         <load_address>0xcb78</load_address>
         <run_address>0xcb78</run_address>
         <size>0x4f8</size>
         <input_file_ref idref="fl-1f"/>
      </object_component>
      <object_component id="oc-b0">
         <name>.debug_info</name>
         <load_address>0xd070</load_address>
         <run_address>0xd070</run_address>
         <size>0x4a1</size>
         <input_file_ref idref="fl-20"/>
      </object_component>
      <object_component id="oc-b6">
         <name>.debug_info</name>
         <load_address>0xd511</load_address>
         <run_address>0xd511</run_address>
         <size>0x233d</size>
         <input_file_ref idref="fl-21"/>
      </object_component>
      <object_component id="oc-bd">
         <name>.debug_info</name>
         <load_address>0xf84e</load_address>
         <run_address>0xf84e</run_address>
         <size>0x384</size>
         <input_file_ref idref="fl-22"/>
      </object_component>
      <object_component id="oc-c2">
         <name>.debug_info</name>
         <load_address>0xfbd2</load_address>
         <run_address>0xfbd2</run_address>
         <size>0x1fe4</size>
         <input_file_ref idref="fl-23"/>
      </object_component>
      <object_component id="oc-c7">
         <name>.debug_info</name>
         <load_address>0x11bb6</load_address>
         <run_address>0x11bb6</run_address>
         <size>0xfd4</size>
         <input_file_ref idref="fl-24"/>
      </object_component>
      <object_component id="oc-ce">
         <name>.debug_info</name>
         <load_address>0x12b8a</load_address>
         <run_address>0x12b8a</run_address>
         <size>0x19a9</size>
         <input_file_ref idref="fl-25"/>
      </object_component>
      <object_component id="oc-d4">
         <name>.debug_info</name>
         <load_address>0x14533</load_address>
         <run_address>0x14533</run_address>
         <size>0xd49</size>
         <input_file_ref idref="fl-37"/>
      </object_component>
      <object_component id="oc-dd">
         <name>.debug_info</name>
         <load_address>0x1527c</load_address>
         <run_address>0x1527c</run_address>
         <size>0x16b</size>
         <input_file_ref idref="fl-38"/>
      </object_component>
      <object_component id="oc-e2">
         <name>.debug_info</name>
         <load_address>0x153e7</load_address>
         <run_address>0x153e7</run_address>
         <size>0x10c</size>
         <input_file_ref idref="fl-39"/>
      </object_component>
      <object_component id="oc-e7">
         <name>.debug_info</name>
         <load_address>0x154f3</load_address>
         <run_address>0x154f3</run_address>
         <size>0x146</size>
         <input_file_ref idref="fl-3a"/>
      </object_component>
      <object_component id="oc-ec">
         <name>.debug_info</name>
         <load_address>0x15639</load_address>
         <run_address>0x15639</run_address>
         <size>0x229</size>
         <input_file_ref idref="fl-3b"/>
      </object_component>
      <object_component id="oc-f1">
         <name>.debug_info</name>
         <load_address>0x15862</load_address>
         <run_address>0x15862</run_address>
         <size>0x139</size>
         <input_file_ref idref="fl-3c"/>
      </object_component>
      <object_component id="oc-f5">
         <name>.debug_info</name>
         <load_address>0x1599b</load_address>
         <run_address>0x1599b</run_address>
         <size>0x57f</size>
         <input_file_ref idref="fl-3d"/>
      </object_component>
      <object_component id="oc-fa">
         <name>.debug_info</name>
         <load_address>0x15f1a</load_address>
         <run_address>0x15f1a</run_address>
         <size>0x47a</size>
         <input_file_ref idref="fl-3e"/>
      </object_component>
      <object_component id="oc-ff">
         <name>.debug_info</name>
         <load_address>0x16394</load_address>
         <run_address>0x16394</run_address>
         <size>0x3ed</size>
         <input_file_ref idref="fl-3f"/>
      </object_component>
      <object_component id="oc-104">
         <name>.debug_info</name>
         <load_address>0x16781</load_address>
         <run_address>0x16781</run_address>
         <size>0x3ea</size>
         <input_file_ref idref="fl-40"/>
      </object_component>
      <object_component id="oc-109">
         <name>.debug_info</name>
         <load_address>0x16b6b</load_address>
         <run_address>0x16b6b</run_address>
         <size>0x584</size>
         <input_file_ref idref="fl-41"/>
      </object_component>
      <object_component id="oc-110">
         <name>.debug_info</name>
         <load_address>0x170ef</load_address>
         <run_address>0x170ef</run_address>
         <size>0xb24</size>
         <input_file_ref idref="fl-42"/>
      </object_component>
      <object_component id="oc-118">
         <name>.debug_info</name>
         <load_address>0x17c13</load_address>
         <run_address>0x17c13</run_address>
         <size>0x50c</size>
         <input_file_ref idref="fl-43"/>
      </object_component>
      <object_component id="oc-11d">
         <name>.debug_info</name>
         <load_address>0x1811f</load_address>
         <run_address>0x1811f</run_address>
         <size>0x4a7</size>
         <input_file_ref idref="fl-44"/>
      </object_component>
      <object_component id="oc-122">
         <name>.debug_info</name>
         <load_address>0x185c6</load_address>
         <run_address>0x185c6</run_address>
         <size>0x5c0</size>
         <input_file_ref idref="fl-45"/>
      </object_component>
      <object_component id="oc-15f">
         <name>.debug_info</name>
         <load_address>0x18b86</load_address>
         <run_address>0x18b86</run_address>
         <size>0xaa</size>
      </object_component>
      <object_component id="oc-16">
         <name>.debug_frame</name>
         <load_address>0x0</load_address>
         <run_address>0x0</run_address>
         <size>0x48</size>
         <input_file_ref idref="fl-2"/>
      </object_component>
      <object_component id="oc-1c">
         <name>.debug_frame</name>
         <load_address>0x48</load_address>
         <run_address>0x48</run_address>
         <size>0x104</size>
         <input_file_ref idref="fl-3"/>
      </object_component>
      <object_component id="oc-26">
         <name>.debug_frame</name>
         <load_address>0x14c</load_address>
         <run_address>0x14c</run_address>
         <size>0x30</size>
         <input_file_ref idref="fl-5"/>
      </object_component>
      <object_component id="oc-2e">
         <name>.debug_frame</name>
         <load_address>0x17c</load_address>
         <run_address>0x17c</run_address>
         <size>0x30</size>
         <input_file_ref idref="fl-7"/>
      </object_component>
      <object_component id="oc-33">
         <name>.debug_frame</name>
         <load_address>0x1ac</load_address>
         <run_address>0x1ac</run_address>
         <size>0x30</size>
         <input_file_ref idref="fl-8"/>
      </object_component>
      <object_component id="oc-3b">
         <name>.debug_frame</name>
         <load_address>0x1dc</load_address>
         <run_address>0x1dc</run_address>
         <size>0x30</size>
         <input_file_ref idref="fl-a"/>
      </object_component>
      <object_component id="oc-41">
         <name>.debug_frame</name>
         <load_address>0x20c</load_address>
         <run_address>0x20c</run_address>
         <size>0x30</size>
         <input_file_ref idref="fl-b"/>
      </object_component>
      <object_component id="oc-47">
         <name>.debug_frame</name>
         <load_address>0x23c</load_address>
         <run_address>0x23c</run_address>
         <size>0x30</size>
         <input_file_ref idref="fl-c"/>
      </object_component>
      <object_component id="oc-4d">
         <name>.debug_frame</name>
         <load_address>0x26c</load_address>
         <run_address>0x26c</run_address>
         <size>0x30</size>
         <input_file_ref idref="fl-d"/>
      </object_component>
      <object_component id="oc-52">
         <name>.debug_frame</name>
         <load_address>0x29c</load_address>
         <run_address>0x29c</run_address>
         <size>0x30</size>
         <input_file_ref idref="fl-e"/>
      </object_component>
      <object_component id="oc-58">
         <name>.debug_frame</name>
         <load_address>0x2cc</load_address>
         <run_address>0x2cc</run_address>
         <size>0x30</size>
         <input_file_ref idref="fl-f"/>
      </object_component>
      <object_component id="oc-5e">
         <name>.debug_frame</name>
         <load_address>0x2fc</load_address>
         <run_address>0x2fc</run_address>
         <size>0x30</size>
         <input_file_ref idref="fl-10"/>
      </object_component>
      <object_component id="oc-64">
         <name>.debug_frame</name>
         <load_address>0x32c</load_address>
         <run_address>0x32c</run_address>
         <size>0x30</size>
         <input_file_ref idref="fl-11"/>
      </object_component>
      <object_component id="oc-6a">
         <name>.debug_frame</name>
         <load_address>0x35c</load_address>
         <run_address>0x35c</run_address>
         <size>0x30</size>
         <input_file_ref idref="fl-12"/>
      </object_component>
      <object_component id="oc-70">
         <name>.debug_frame</name>
         <load_address>0x38c</load_address>
         <run_address>0x38c</run_address>
         <size>0x180</size>
         <input_file_ref idref="fl-13"/>
      </object_component>
      <object_component id="oc-76">
         <name>.debug_frame</name>
         <load_address>0x50c</load_address>
         <run_address>0x50c</run_address>
         <size>0x30</size>
         <input_file_ref idref="fl-14"/>
      </object_component>
      <object_component id="oc-7c">
         <name>.debug_frame</name>
         <load_address>0x53c</load_address>
         <run_address>0x53c</run_address>
         <size>0x19c</size>
         <input_file_ref idref="fl-15"/>
      </object_component>
      <object_component id="oc-86">
         <name>.debug_frame</name>
         <load_address>0x6d8</load_address>
         <run_address>0x6d8</run_address>
         <size>0x30</size>
         <input_file_ref idref="fl-18"/>
      </object_component>
      <object_component id="oc-8c">
         <name>.debug_frame</name>
         <load_address>0x708</load_address>
         <run_address>0x708</run_address>
         <size>0x130</size>
         <input_file_ref idref="fl-19"/>
      </object_component>
      <object_component id="oc-92">
         <name>.debug_frame</name>
         <load_address>0x838</load_address>
         <run_address>0x838</run_address>
         <size>0x30</size>
         <input_file_ref idref="fl-1a"/>
      </object_component>
      <object_component id="oc-98">
         <name>.debug_frame</name>
         <load_address>0x868</load_address>
         <run_address>0x868</run_address>
         <size>0x30</size>
         <input_file_ref idref="fl-1b"/>
      </object_component>
      <object_component id="oc-a0">
         <name>.debug_frame</name>
         <load_address>0x898</load_address>
         <run_address>0x898</run_address>
         <size>0x30</size>
         <input_file_ref idref="fl-1d"/>
      </object_component>
      <object_component id="oc-a6">
         <name>.debug_frame</name>
         <load_address>0x8c8</load_address>
         <run_address>0x8c8</run_address>
         <size>0x1f0</size>
         <input_file_ref idref="fl-1e"/>
      </object_component>
      <object_component id="oc-ac">
         <name>.debug_frame</name>
         <load_address>0xab8</load_address>
         <run_address>0xab8</run_address>
         <size>0x30</size>
         <input_file_ref idref="fl-1f"/>
      </object_component>
      <object_component id="oc-b2">
         <name>.debug_frame</name>
         <load_address>0xae8</load_address>
         <run_address>0xae8</run_address>
         <size>0x30</size>
         <input_file_ref idref="fl-20"/>
      </object_component>
      <object_component id="oc-b9">
         <name>.debug_frame</name>
         <load_address>0xb18</load_address>
         <run_address>0xb18</run_address>
         <size>0x288</size>
         <input_file_ref idref="fl-21"/>
      </object_component>
      <object_component id="oc-be">
         <name>.debug_frame</name>
         <load_address>0xda0</load_address>
         <run_address>0xda0</run_address>
         <size>0x30</size>
         <input_file_ref idref="fl-22"/>
      </object_component>
      <object_component id="oc-c3">
         <name>.debug_frame</name>
         <load_address>0xdd0</load_address>
         <run_address>0xdd0</run_address>
         <size>0x30</size>
         <input_file_ref idref="fl-23"/>
      </object_component>
      <object_component id="oc-ca">
         <name>.debug_frame</name>
         <load_address>0xe00</load_address>
         <run_address>0xe00</run_address>
         <size>0xf4</size>
         <input_file_ref idref="fl-24"/>
      </object_component>
      <object_component id="oc-d0">
         <name>.debug_frame</name>
         <load_address>0xef4</load_address>
         <run_address>0xef4</run_address>
         <size>0x240</size>
         <input_file_ref idref="fl-25"/>
      </object_component>
      <object_component id="oc-d6">
         <name>.debug_frame</name>
         <load_address>0x1134</load_address>
         <run_address>0x1134</run_address>
         <size>0xf4</size>
         <input_file_ref idref="fl-37"/>
      </object_component>
      <object_component id="oc-f6">
         <name>.debug_frame</name>
         <load_address>0x1228</load_address>
         <run_address>0x1228</run_address>
         <size>0x68</size>
         <input_file_ref idref="fl-3d"/>
      </object_component>
      <object_component id="oc-fb">
         <name>.debug_frame</name>
         <load_address>0x1290</load_address>
         <run_address>0x1290</run_address>
         <size>0x48</size>
         <input_file_ref idref="fl-3e"/>
      </object_component>
      <object_component id="oc-100">
         <name>.debug_frame</name>
         <load_address>0x12d8</load_address>
         <run_address>0x12d8</run_address>
         <size>0x48</size>
         <input_file_ref idref="fl-3f"/>
      </object_component>
      <object_component id="oc-105">
         <name>.debug_frame</name>
         <load_address>0x1320</load_address>
         <run_address>0x1320</run_address>
         <size>0x48</size>
         <input_file_ref idref="fl-40"/>
      </object_component>
      <object_component id="oc-10c">
         <name>.debug_frame</name>
         <load_address>0x1368</load_address>
         <run_address>0x1368</run_address>
         <size>0x68</size>
         <input_file_ref idref="fl-41"/>
      </object_component>
      <object_component id="oc-114">
         <name>.debug_frame</name>
         <load_address>0x13d0</load_address>
         <run_address>0x13d0</run_address>
         <size>0x140</size>
         <input_file_ref idref="fl-42"/>
      </object_component>
      <object_component id="oc-119">
         <name>.debug_frame</name>
         <load_address>0x1510</load_address>
         <run_address>0x1510</run_address>
         <size>0x78</size>
         <input_file_ref idref="fl-43"/>
      </object_component>
      <object_component id="oc-11e">
         <name>.debug_frame</name>
         <load_address>0x1588</load_address>
         <run_address>0x1588</run_address>
         <size>0x48</size>
         <input_file_ref idref="fl-44"/>
      </object_component>
      <object_component id="oc-123">
         <name>.debug_frame</name>
         <load_address>0x15d0</load_address>
         <run_address>0x15d0</run_address>
         <size>0x48</size>
         <input_file_ref idref="fl-45"/>
      </object_component>
      <object_component id="oc-17">
         <name>.debug_line</name>
         <load_address>0x0</load_address>
         <run_address>0x0</run_address>
         <size>0x54</size>
         <input_file_ref idref="fl-2"/>
      </object_component>
      <object_component id="oc-1d">
         <name>.debug_line</name>
         <load_address>0x54</load_address>
         <run_address>0x54</run_address>
         <size>0x1fa</size>
         <input_file_ref idref="fl-3"/>
      </object_component>
      <object_component id="oc-21">
         <name>.debug_line</name>
         <load_address>0x24e</load_address>
         <run_address>0x24e</run_address>
         <size>0x54</size>
         <input_file_ref idref="fl-4"/>
      </object_component>
      <object_component id="oc-27">
         <name>.debug_line</name>
         <load_address>0x2a2</load_address>
         <run_address>0x2a2</run_address>
         <size>0x57</size>
         <input_file_ref idref="fl-5"/>
      </object_component>
      <object_component id="oc-2f">
         <name>.debug_line</name>
         <load_address>0x2f9</load_address>
         <run_address>0x2f9</run_address>
         <size>0x57</size>
         <input_file_ref idref="fl-7"/>
      </object_component>
      <object_component id="oc-34">
         <name>.debug_line</name>
         <load_address>0x350</load_address>
         <run_address>0x350</run_address>
         <size>0x3a</size>
         <input_file_ref idref="fl-8"/>
      </object_component>
      <object_component id="oc-3c">
         <name>.debug_line</name>
         <load_address>0x38a</load_address>
         <run_address>0x38a</run_address>
         <size>0x5b</size>
         <input_file_ref idref="fl-a"/>
      </object_component>
      <object_component id="oc-42">
         <name>.debug_line</name>
         <load_address>0x3e5</load_address>
         <run_address>0x3e5</run_address>
         <size>0x61</size>
         <input_file_ref idref="fl-b"/>
      </object_component>
      <object_component id="oc-48">
         <name>.debug_line</name>
         <load_address>0x446</load_address>
         <run_address>0x446</run_address>
         <size>0x57</size>
         <input_file_ref idref="fl-c"/>
      </object_component>
      <object_component id="oc-4e">
         <name>.debug_line</name>
         <load_address>0x49d</load_address>
         <run_address>0x49d</run_address>
         <size>0x57</size>
         <input_file_ref idref="fl-d"/>
      </object_component>
      <object_component id="oc-53">
         <name>.debug_line</name>
         <load_address>0x4f4</load_address>
         <run_address>0x4f4</run_address>
         <size>0x59</size>
         <input_file_ref idref="fl-e"/>
      </object_component>
      <object_component id="oc-59">
         <name>.debug_line</name>
         <load_address>0x54d</load_address>
         <run_address>0x54d</run_address>
         <size>0x57</size>
         <input_file_ref idref="fl-f"/>
      </object_component>
      <object_component id="oc-5f">
         <name>.debug_line</name>
         <load_address>0x5a4</load_address>
         <run_address>0x5a4</run_address>
         <size>0x59</size>
         <input_file_ref idref="fl-10"/>
      </object_component>
      <object_component id="oc-65">
         <name>.debug_line</name>
         <load_address>0x5fd</load_address>
         <run_address>0x5fd</run_address>
         <size>0x59</size>
         <input_file_ref idref="fl-11"/>
      </object_component>
      <object_component id="oc-6b">
         <name>.debug_line</name>
         <load_address>0x656</load_address>
         <run_address>0x656</run_address>
         <size>0x59</size>
         <input_file_ref idref="fl-12"/>
      </object_component>
      <object_component id="oc-71">
         <name>.debug_line</name>
         <load_address>0x6af</load_address>
         <run_address>0x6af</run_address>
         <size>0x1b2</size>
         <input_file_ref idref="fl-13"/>
      </object_component>
      <object_component id="oc-77">
         <name>.debug_line</name>
         <load_address>0x861</load_address>
         <run_address>0x861</run_address>
         <size>0x57</size>
         <input_file_ref idref="fl-14"/>
      </object_component>
      <object_component id="oc-7d">
         <name>.debug_line</name>
         <load_address>0x8b8</load_address>
         <run_address>0x8b8</run_address>
         <size>0x2bb</size>
         <input_file_ref idref="fl-15"/>
      </object_component>
      <object_component id="oc-87">
         <name>.debug_line</name>
         <load_address>0xb73</load_address>
         <run_address>0xb73</run_address>
         <size>0x57</size>
         <input_file_ref idref="fl-18"/>
      </object_component>
      <object_component id="oc-8d">
         <name>.debug_line</name>
         <load_address>0xbca</load_address>
         <run_address>0xbca</run_address>
         <size>0x207</size>
         <input_file_ref idref="fl-19"/>
      </object_component>
      <object_component id="oc-93">
         <name>.debug_line</name>
         <load_address>0xdd1</load_address>
         <run_address>0xdd1</run_address>
         <size>0x57</size>
         <input_file_ref idref="fl-1a"/>
      </object_component>
      <object_component id="oc-99">
         <name>.debug_line</name>
         <load_address>0xe28</load_address>
         <run_address>0xe28</run_address>
         <size>0x3d</size>
         <input_file_ref idref="fl-1b"/>
      </object_component>
      <object_component id="oc-a1">
         <name>.debug_line</name>
         <load_address>0xe65</load_address>
         <run_address>0xe65</run_address>
         <size>0x5b</size>
         <input_file_ref idref="fl-1d"/>
      </object_component>
      <object_component id="oc-a7">
         <name>.debug_line</name>
         <load_address>0xec0</load_address>
         <run_address>0xec0</run_address>
         <size>0x2ec</size>
         <input_file_ref idref="fl-1e"/>
      </object_component>
      <object_component id="oc-ad">
         <name>.debug_line</name>
         <load_address>0x11ac</load_address>
         <run_address>0x11ac</run_address>
         <size>0x59</size>
         <input_file_ref idref="fl-1f"/>
      </object_component>
      <object_component id="oc-b3">
         <name>.debug_line</name>
         <load_address>0x1205</load_address>
         <run_address>0x1205</run_address>
         <size>0x57</size>
         <input_file_ref idref="fl-20"/>
      </object_component>
      <object_component id="oc-ba">
         <name>.debug_line</name>
         <load_address>0x125c</load_address>
         <run_address>0x125c</run_address>
         <size>0x507</size>
         <input_file_ref idref="fl-21"/>
      </object_component>
      <object_component id="oc-bf">
         <name>.debug_line</name>
         <load_address>0x1763</load_address>
         <run_address>0x1763</run_address>
         <size>0x3e</size>
         <input_file_ref idref="fl-22"/>
      </object_component>
      <object_component id="oc-c4">
         <name>.debug_line</name>
         <load_address>0x17a1</load_address>
         <run_address>0x17a1</run_address>
         <size>0x3b</size>
         <input_file_ref idref="fl-23"/>
      </object_component>
      <object_component id="oc-cb">
         <name>.debug_line</name>
         <load_address>0x17dc</load_address>
         <run_address>0x17dc</run_address>
         <size>0x15d</size>
         <input_file_ref idref="fl-24"/>
      </object_component>
      <object_component id="oc-d1">
         <name>.debug_line</name>
         <load_address>0x1939</load_address>
         <run_address>0x1939</run_address>
         <size>0x654</size>
         <input_file_ref idref="fl-25"/>
      </object_component>
      <object_component id="oc-d7">
         <name>.debug_line</name>
         <load_address>0x1f8d</load_address>
         <run_address>0x1f8d</run_address>
         <size>0x24d</size>
         <input_file_ref idref="fl-37"/>
      </object_component>
      <object_component id="oc-de">
         <name>.debug_line</name>
         <load_address>0x21da</load_address>
         <run_address>0x21da</run_address>
         <size>0x7e</size>
         <input_file_ref idref="fl-38"/>
      </object_component>
      <object_component id="oc-e3">
         <name>.debug_line</name>
         <load_address>0x2258</load_address>
         <run_address>0x2258</run_address>
         <size>0xad</size>
         <input_file_ref idref="fl-39"/>
      </object_component>
      <object_component id="oc-e8">
         <name>.debug_line</name>
         <load_address>0x2305</load_address>
         <run_address>0x2305</run_address>
         <size>0x63</size>
         <input_file_ref idref="fl-3a"/>
      </object_component>
      <object_component id="oc-ed">
         <name>.debug_line</name>
         <load_address>0x2368</load_address>
         <run_address>0x2368</run_address>
         <size>0x16b</size>
         <input_file_ref idref="fl-3b"/>
      </object_component>
      <object_component id="oc-f2">
         <name>.debug_line</name>
         <load_address>0x24d3</load_address>
         <run_address>0x24d3</run_address>
         <size>0x69</size>
         <input_file_ref idref="fl-3c"/>
      </object_component>
      <object_component id="oc-f7">
         <name>.debug_line</name>
         <load_address>0x253c</load_address>
         <run_address>0x253c</run_address>
         <size>0x50</size>
         <input_file_ref idref="fl-3d"/>
      </object_component>
      <object_component id="oc-fc">
         <name>.debug_line</name>
         <load_address>0x258c</load_address>
         <run_address>0x258c</run_address>
         <size>0x62</size>
         <input_file_ref idref="fl-3e"/>
      </object_component>
      <object_component id="oc-101">
         <name>.debug_line</name>
         <load_address>0x25ee</load_address>
         <run_address>0x25ee</run_address>
         <size>0x3e</size>
         <input_file_ref idref="fl-3f"/>
      </object_component>
      <object_component id="oc-106">
         <name>.debug_line</name>
         <load_address>0x262c</load_address>
         <run_address>0x262c</run_address>
         <size>0x3a</size>
         <input_file_ref idref="fl-40"/>
      </object_component>
      <object_component id="oc-10d">
         <name>.debug_line</name>
         <load_address>0x2666</load_address>
         <run_address>0x2666</run_address>
         <size>0x65</size>
         <input_file_ref idref="fl-41"/>
      </object_component>
      <object_component id="oc-115">
         <name>.debug_line</name>
         <load_address>0x26cb</load_address>
         <run_address>0x26cb</run_address>
         <size>0x2d6</size>
         <input_file_ref idref="fl-42"/>
      </object_component>
      <object_component id="oc-11a">
         <name>.debug_line</name>
         <load_address>0x29a1</load_address>
         <run_address>0x29a1</run_address>
         <size>0x5e</size>
         <input_file_ref idref="fl-43"/>
      </object_component>
      <object_component id="oc-11f">
         <name>.debug_line</name>
         <load_address>0x29ff</load_address>
         <run_address>0x29ff</run_address>
         <size>0x55</size>
         <input_file_ref idref="fl-44"/>
      </object_component>
      <object_component id="oc-124">
         <name>.debug_line</name>
         <load_address>0x2a54</load_address>
         <run_address>0x2a54</run_address>
         <size>0x3b</size>
         <input_file_ref idref="fl-45"/>
      </object_component>
      <object_component id="oc-18">
         <name>.debug_abbrev</name>
         <load_address>0x0</load_address>
         <run_address>0x0</run_address>
         <size>0xe7</size>
         <input_file_ref idref="fl-2"/>
      </object_component>
      <object_component id="oc-1e">
         <name>.debug_abbrev</name>
         <load_address>0xe7</load_address>
         <run_address>0xe7</run_address>
         <size>0x12a</size>
         <input_file_ref idref="fl-3"/>
      </object_component>
      <object_component id="oc-22">
         <name>.debug_abbrev</name>
         <load_address>0x211</load_address>
         <run_address>0x211</run_address>
         <size>0x21</size>
         <input_file_ref idref="fl-4"/>
      </object_component>
      <object_component id="oc-28">
         <name>.debug_abbrev</name>
         <load_address>0x232</load_address>
         <run_address>0x232</run_address>
         <size>0xf1</size>
         <input_file_ref idref="fl-5"/>
      </object_component>
      <object_component id="oc-2b">
         <name>.debug_abbrev</name>
         <load_address>0x323</load_address>
         <run_address>0x323</run_address>
         <size>0x21</size>
         <input_file_ref idref="fl-6"/>
      </object_component>
      <object_component id="oc-30">
         <name>.debug_abbrev</name>
         <load_address>0x344</load_address>
         <run_address>0x344</run_address>
         <size>0x19d</size>
         <input_file_ref idref="fl-7"/>
      </object_component>
      <object_component id="oc-35">
         <name>.debug_abbrev</name>
         <load_address>0x4e1</load_address>
         <run_address>0x4e1</run_address>
         <size>0x9c</size>
         <input_file_ref idref="fl-8"/>
      </object_component>
      <object_component id="oc-38">
         <name>.debug_abbrev</name>
         <load_address>0x57d</load_address>
         <run_address>0x57d</run_address>
         <size>0x21</size>
         <input_file_ref idref="fl-9"/>
      </object_component>
      <object_component id="oc-3d">
         <name>.debug_abbrev</name>
         <load_address>0x59e</load_address>
         <run_address>0x59e</run_address>
         <size>0xdf</size>
         <input_file_ref idref="fl-a"/>
      </object_component>
      <object_component id="oc-43">
         <name>.debug_abbrev</name>
         <load_address>0x67d</load_address>
         <run_address>0x67d</run_address>
         <size>0xfa</size>
         <input_file_ref idref="fl-b"/>
      </object_component>
      <object_component id="oc-49">
         <name>.debug_abbrev</name>
         <load_address>0x777</load_address>
         <run_address>0x777</run_address>
         <size>0xdf</size>
         <input_file_ref idref="fl-c"/>
      </object_component>
      <object_component id="oc-4f">
         <name>.debug_abbrev</name>
         <load_address>0x856</load_address>
         <run_address>0x856</run_address>
         <size>0xf3</size>
         <input_file_ref idref="fl-d"/>
      </object_component>
      <object_component id="oc-54">
         <name>.debug_abbrev</name>
         <load_address>0x949</load_address>
         <run_address>0x949</run_address>
         <size>0x155</size>
         <input_file_ref idref="fl-e"/>
      </object_component>
      <object_component id="oc-5a">
         <name>.debug_abbrev</name>
         <load_address>0xa9e</load_address>
         <run_address>0xa9e</run_address>
         <size>0x101</size>
         <input_file_ref idref="fl-f"/>
      </object_component>
      <object_component id="oc-60">
         <name>.debug_abbrev</name>
         <load_address>0xb9f</load_address>
         <run_address>0xb9f</run_address>
         <size>0xf1</size>
         <input_file_ref idref="fl-10"/>
      </object_component>
      <object_component id="oc-66">
         <name>.debug_abbrev</name>
         <load_address>0xc90</load_address>
         <run_address>0xc90</run_address>
         <size>0xf1</size>
         <input_file_ref idref="fl-11"/>
      </object_component>
      <object_component id="oc-6c">
         <name>.debug_abbrev</name>
         <load_address>0xd81</load_address>
         <run_address>0xd81</run_address>
         <size>0xdf</size>
         <input_file_ref idref="fl-12"/>
      </object_component>
      <object_component id="oc-72">
         <name>.debug_abbrev</name>
         <load_address>0xe60</load_address>
         <run_address>0xe60</run_address>
         <size>0x13b</size>
         <input_file_ref idref="fl-13"/>
      </object_component>
      <object_component id="oc-78">
         <name>.debug_abbrev</name>
         <load_address>0xf9b</load_address>
         <run_address>0xf9b</run_address>
         <size>0x199</size>
         <input_file_ref idref="fl-14"/>
      </object_component>
      <object_component id="oc-7e">
         <name>.debug_abbrev</name>
         <load_address>0x1134</load_address>
         <run_address>0x1134</run_address>
         <size>0x1c8</size>
         <input_file_ref idref="fl-15"/>
      </object_component>
      <object_component id="oc-81">
         <name>.debug_abbrev</name>
         <load_address>0x12fc</load_address>
         <run_address>0x12fc</run_address>
         <size>0x21</size>
         <input_file_ref idref="fl-16"/>
      </object_component>
      <object_component id="oc-83">
         <name>.debug_abbrev</name>
         <load_address>0x131d</load_address>
         <run_address>0x131d</run_address>
         <size>0x21</size>
         <input_file_ref idref="fl-17"/>
      </object_component>
      <object_component id="oc-88">
         <name>.debug_abbrev</name>
         <load_address>0x133e</load_address>
         <run_address>0x133e</run_address>
         <size>0x11a</size>
         <input_file_ref idref="fl-18"/>
      </object_component>
      <object_component id="oc-8e">
         <name>.debug_abbrev</name>
         <load_address>0x1458</load_address>
         <run_address>0x1458</run_address>
         <size>0x175</size>
         <input_file_ref idref="fl-19"/>
      </object_component>
      <object_component id="oc-94">
         <name>.debug_abbrev</name>
         <load_address>0x15cd</load_address>
         <run_address>0x15cd</run_address>
         <size>0x126</size>
         <input_file_ref idref="fl-1a"/>
      </object_component>
      <object_component id="oc-9a">
         <name>.debug_abbrev</name>
         <load_address>0x16f3</load_address>
         <run_address>0x16f3</run_address>
         <size>0x141</size>
         <input_file_ref idref="fl-1b"/>
      </object_component>
      <object_component id="oc-9d">
         <name>.debug_abbrev</name>
         <load_address>0x1834</load_address>
         <run_address>0x1834</run_address>
         <size>0x21</size>
         <input_file_ref idref="fl-1c"/>
      </object_component>
      <object_component id="oc-a2">
         <name>.debug_abbrev</name>
         <load_address>0x1855</load_address>
         <run_address>0x1855</run_address>
         <size>0x1c5</size>
         <input_file_ref idref="fl-1d"/>
      </object_component>
      <object_component id="oc-a8">
         <name>.debug_abbrev</name>
         <load_address>0x1a1a</load_address>
         <run_address>0x1a1a</run_address>
         <size>0x19d</size>
         <input_file_ref idref="fl-1e"/>
      </object_component>
      <object_component id="oc-ae">
         <name>.debug_abbrev</name>
         <load_address>0x1bb7</load_address>
         <run_address>0x1bb7</run_address>
         <size>0x116</size>
         <input_file_ref idref="fl-1f"/>
      </object_component>
      <object_component id="oc-b4">
         <name>.debug_abbrev</name>
         <load_address>0x1ccd</load_address>
         <run_address>0x1ccd</run_address>
         <size>0x141</size>
         <input_file_ref idref="fl-20"/>
      </object_component>
      <object_component id="oc-bb">
         <name>.debug_abbrev</name>
         <load_address>0x1e0e</load_address>
         <run_address>0x1e0e</run_address>
         <size>0x20b</size>
         <input_file_ref idref="fl-21"/>
      </object_component>
      <object_component id="oc-c0">
         <name>.debug_abbrev</name>
         <load_address>0x2019</load_address>
         <run_address>0x2019</run_address>
         <size>0x70</size>
         <input_file_ref idref="fl-22"/>
      </object_component>
      <object_component id="oc-c5">
         <name>.debug_abbrev</name>
         <load_address>0x2089</load_address>
         <run_address>0x2089</run_address>
         <size>0xce</size>
         <input_file_ref idref="fl-23"/>
      </object_component>
      <object_component id="oc-cc">
         <name>.debug_abbrev</name>
         <load_address>0x2157</load_address>
         <run_address>0x2157</run_address>
         <size>0x136</size>
         <input_file_ref idref="fl-24"/>
      </object_component>
      <object_component id="oc-d2">
         <name>.debug_abbrev</name>
         <load_address>0x228d</load_address>
         <run_address>0x228d</run_address>
         <size>0x18c</size>
         <input_file_ref idref="fl-25"/>
      </object_component>
      <object_component id="oc-d8">
         <name>.debug_abbrev</name>
         <load_address>0x2419</load_address>
         <run_address>0x2419</run_address>
         <size>0x192</size>
         <input_file_ref idref="fl-37"/>
      </object_component>
      <object_component id="oc-df">
         <name>.debug_abbrev</name>
         <load_address>0x25ab</load_address>
         <run_address>0x25ab</run_address>
         <size>0x46</size>
         <input_file_ref idref="fl-38"/>
      </object_component>
      <object_component id="oc-e4">
         <name>.debug_abbrev</name>
         <load_address>0x25f1</load_address>
         <run_address>0x25f1</run_address>
         <size>0x38</size>
         <input_file_ref idref="fl-39"/>
      </object_component>
      <object_component id="oc-e9">
         <name>.debug_abbrev</name>
         <load_address>0x2629</load_address>
         <run_address>0x2629</run_address>
         <size>0x38</size>
         <input_file_ref idref="fl-3a"/>
      </object_component>
      <object_component id="oc-ee">
         <name>.debug_abbrev</name>
         <load_address>0x2661</load_address>
         <run_address>0x2661</run_address>
         <size>0x5f</size>
         <input_file_ref idref="fl-3b"/>
      </object_component>
      <object_component id="oc-f3">
         <name>.debug_abbrev</name>
         <load_address>0x26c0</load_address>
         <run_address>0x26c0</run_address>
         <size>0x38</size>
         <input_file_ref idref="fl-3c"/>
      </object_component>
      <object_component id="oc-f8">
         <name>.debug_abbrev</name>
         <load_address>0x26f8</load_address>
         <run_address>0x26f8</run_address>
         <size>0xe3</size>
         <input_file_ref idref="fl-3d"/>
      </object_component>
      <object_component id="oc-fd">
         <name>.debug_abbrev</name>
         <load_address>0x27db</load_address>
         <run_address>0x27db</run_address>
         <size>0xa8</size>
         <input_file_ref idref="fl-3e"/>
      </object_component>
      <object_component id="oc-102">
         <name>.debug_abbrev</name>
         <load_address>0x2883</load_address>
         <run_address>0x2883</run_address>
         <size>0x68</size>
         <input_file_ref idref="fl-3f"/>
      </object_component>
      <object_component id="oc-107">
         <name>.debug_abbrev</name>
         <load_address>0x28eb</load_address>
         <run_address>0x28eb</run_address>
         <size>0x66</size>
         <input_file_ref idref="fl-40"/>
      </object_component>
      <object_component id="oc-10e">
         <name>.debug_abbrev</name>
         <load_address>0x2951</load_address>
         <run_address>0x2951</run_address>
         <size>0x130</size>
         <input_file_ref idref="fl-41"/>
      </object_component>
      <object_component id="oc-116">
         <name>.debug_abbrev</name>
         <load_address>0x2a81</load_address>
         <run_address>0x2a81</run_address>
         <size>0x1b4</size>
         <input_file_ref idref="fl-42"/>
      </object_component>
      <object_component id="oc-11b">
         <name>.debug_abbrev</name>
         <load_address>0x2c35</load_address>
         <run_address>0x2c35</run_address>
         <size>0xb2</size>
         <input_file_ref idref="fl-43"/>
      </object_component>
      <object_component id="oc-120">
         <name>.debug_abbrev</name>
         <load_address>0x2ce7</load_address>
         <run_address>0x2ce7</run_address>
         <size>0xee</size>
         <input_file_ref idref="fl-44"/>
      </object_component>
      <object_component id="oc-125">
         <name>.debug_abbrev</name>
         <load_address>0x2dd5</load_address>
         <run_address>0x2dd5</run_address>
         <size>0xaf</size>
         <input_file_ref idref="fl-45"/>
      </object_component>
      <object_component id="oc-160">
         <name>.debug_abbrev</name>
         <load_address>0x2e84</load_address>
         <run_address>0x2e84</run_address>
         <size>0xf</size>
      </object_component>
      <object_component id="oc-19">
         <name>.debug_aranges</name>
         <load_address>0x0</load_address>
         <run_address>0x0</run_address>
         <size>0x20</size>
         <input_file_ref idref="fl-2"/>
      </object_component>
      <object_component id="oc-1f">
         <name>.debug_aranges</name>
         <load_address>0x20</load_address>
         <run_address>0x20</run_address>
         <size>0x58</size>
         <input_file_ref idref="fl-3"/>
      </object_component>
      <object_component id="oc-23">
         <name>.debug_aranges</name>
         <load_address>0x78</load_address>
         <run_address>0x78</run_address>
         <size>0x20</size>
         <input_file_ref idref="fl-4"/>
      </object_component>
      <object_component id="oc-29">
         <name>.debug_aranges</name>
         <load_address>0x98</load_address>
         <run_address>0x98</run_address>
         <size>0x18</size>
         <input_file_ref idref="fl-5"/>
      </object_component>
      <object_component id="oc-31">
         <name>.debug_aranges</name>
         <load_address>0xb0</load_address>
         <run_address>0xb0</run_address>
         <size>0x18</size>
         <input_file_ref idref="fl-7"/>
      </object_component>
      <object_component id="oc-36">
         <name>.debug_aranges</name>
         <load_address>0xc8</load_address>
         <run_address>0xc8</run_address>
         <size>0x18</size>
         <input_file_ref idref="fl-8"/>
      </object_component>
      <object_component id="oc-3e">
         <name>.debug_aranges</name>
         <load_address>0xe0</load_address>
         <run_address>0xe0</run_address>
         <size>0x18</size>
         <input_file_ref idref="fl-a"/>
      </object_component>
      <object_component id="oc-44">
         <name>.debug_aranges</name>
         <load_address>0xf8</load_address>
         <run_address>0xf8</run_address>
         <size>0x18</size>
         <input_file_ref idref="fl-b"/>
      </object_component>
      <object_component id="oc-4a">
         <name>.debug_aranges</name>
         <load_address>0x110</load_address>
         <run_address>0x110</run_address>
         <size>0x18</size>
         <input_file_ref idref="fl-c"/>
      </object_component>
      <object_component id="oc-50">
         <name>.debug_aranges</name>
         <load_address>0x128</load_address>
         <run_address>0x128</run_address>
         <size>0x18</size>
         <input_file_ref idref="fl-d"/>
      </object_component>
      <object_component id="oc-55">
         <name>.debug_aranges</name>
         <load_address>0x140</load_address>
         <run_address>0x140</run_address>
         <size>0x18</size>
         <input_file_ref idref="fl-e"/>
      </object_component>
      <object_component id="oc-5b">
         <name>.debug_aranges</name>
         <load_address>0x158</load_address>
         <run_address>0x158</run_address>
         <size>0x18</size>
         <input_file_ref idref="fl-f"/>
[...]
            <available_space>
               <start_address>0x500</start_address>
               <size>0x300</size>
            </available_space>
         </usage_details>
      </memory_area>
      <memory_area display="yes" color="green">
         <name>RAMLS5</name>
         <page_id>0x1</page_id>
         <origin>0xa800</origin>
         <length>0x800</length>
         <used_space>0x45a</used_space>
         <unused_space>0x3a6</unused_space>
         <attributes>RWIX</attributes>
         <usage_details>
            <allocated_space>
               <start_address>0xa800</start_address>
               <size>0x400</size>
               <logical_group_ref idref="lg-b"/>
            </allocated_space>
            <allocated_space>
               <start_address>0xac00</start_address>
               <size>0x5a</size>
               <logical_group_ref idref="lg-a"/>
            </allocated_space>
            <available_space>
               <start_address>0xac5a</start_address>
               <size>0x3a6</size>
            </available_space>
         </usage_details>
      </memory_area>
      <memory_area display="yes" color="green">
         <name>RAMLS6</name>
         <page_id>0x1</page_id>
         <origin>0xb000</origin>
         <length>0x800</length>
         <used_space>0x0</used_space>
         <unused_space>0x800</unused_space>
         <attributes>RWIX</attributes>
         <usage_details>
         </usage_details>
      </memory_area>
      <memory_area display="yes" color="green">
         <name>RAMLS7</name>
         <page_id>0x1</page_id>
         <origin>0xb800</origin>
         <length>0x800</length>
         <used_space>0x0</used_space>
         <unused_space>0x800</unused_space>
         <attributes>RWIX</attributes>
         <usage_details>
         </usage_details>
      </memory_area>
      <memory_area display="yes" color="green">
         <name>RAMGS0</name>
         <page_id>0x1</page_id>
         <origin>0xc000</origin>
         <length>0x2000</length>
         <used_space>0x0</used_space>
         <unused_space>0x2000</unused_space>
         <attributes>RWIX</attributes>
         <usage_details>
         </usage_details>
      </memory_area>
      <memory_area display="yes" color="green">
         <name>RAMGS1</name>
         <page_id>0x1</page_id>
         <origin>0xe000</origin>
         <length>0x2000</length>
         <used_space>0x0</used_space>
         <unused_space>0x2000</unused_space>
         <attributes>RWIX</attributes>
         <usage_details>
         </usage_details>
      </memory_area>
      <memory_area display="yes" color="green">
         <name>RAMGS2</name>
         <page_id>0x1</page_id>
         <origin>0x10000</origin>
         <length>0x2000</length>
         <used_space>0x0</used_space>
         <unused_space>0x2000</unused_space>
         <attributes>RWIX</attributes>
         <usage_details>
         </usage_details>
      </memory_area>
      <memory_area display="yes" color="green">
         <name>RAMGS3</name>
         <page_id>0x1</page_id>
         <origin>0x12000</origin>
         <length>0x2000</length>
         <used_space>0x0</used_space>
         <unused_space>0x2000</unused_space>
         <attributes>RWIX</attributes>
         <usage_details>
         </usage_details>
      </memory_area>
   </placement_map>
   <symbol_table>
      <symbol id="sm-0">
         <name>_RamfuncsLoadStart</name>
         <value>0x81000</value>
      </symbol>
      <symbol id="sm-1">
         <name>_RamfuncsLoadSize</name>
         <value>0x130</value>
      </symbol>
      <symbol id="sm-2">
         <name>_RamfuncsLoadEnd</name>
         <value>0x81130</value>
      </symbol>
      <symbol id="sm-3">
         <name>_RamfuncsRunStart</name>
         <value>0x8000</value>
      </symbol>
      <symbol id="sm-4">
         <name>_RamfuncsRunSize</name>
         <value>0x130</value>
      </symbol>
      <symbol id="sm-5">
         <name>_RamfuncsRunEnd</name>
         <value>0x8130</value>
      </symbol>
      <symbol id="sm-6">
         <name>cinit</name>
         <value>0x81130</value>
      </symbol>
      <symbol id="sm-7">
         <name>___cinit__</name>
         <value>0x81130</value>
      </symbol>
      <symbol id="sm-8">
         <name>pinit</name>
         <value>0xffffffff</value>
      </symbol>
      <symbol id="sm-9">
         <name>___pinit__</name>
         <value>0xffffffff</value>
      </symbol>
      <symbol id="sm-a">
         <name>binit</name>
         <value>0xffffffff</value>
      </symbol>
      <symbol id="sm-b">
         <name>___binit__</name>
         <value>0xffffffff</value>
      </symbol>
      <symbol id="sm-c">
         <name>__STACK_SIZE</name>
         <value>0x100</value>
      </symbol>
      <symbol id="sm-d">
         <name>__STACK_END</name>
         <value>0x500</value>
      </symbol>
      <symbol id="sm-e">
         <name>__SYSMEM_SIZE</name>
         <value>0x400</value>
      </symbol>
      <symbol id="sm-f">
         <name>___c_args__</name>
         <value>0xffffffff</value>
      </symbol>
      <symbol id="sm-10">
         <name>.text</name>
         <value>0xffffffff</value>
      </symbol>
      <symbol id="sm-11">
         <name>___text__</name>
         <value>0xffffffff</value>
      </symbol>
      <symbol id="sm-12">
         <name>etext</name>
         <value>0xffffffff</value>
      </symbol>
      <symbol id="sm-13">
         <name>___etext__</name>
         <value>0xffffffff</value>
      </symbol>
      <symbol id="sm-14">
         <name>___TI_pprof_out_hndl</name>
         <value>0xffffffff</value>
      </symbol>
      <symbol id="sm-15">
         <name>___TI_prof_data_start</name>
         <value>0xffffffff</value>
      </symbol>
      <symbol id="sm-16">
         <name>___TI_prof_data_size</name>
         <value>0xffffffff</value>
      </symbol>
      <symbol id="sm-55">
         <name>_main</name>
         <value>0x81fc9</value>
         <object_component_ref idref="oc-12d"/>
      </symbol>
      <symbol id="sm-56">
         <name>_cnt</name>
         <value>0xac02</value>
         <object_component_ref idref="oc-14"/>
      </symbol>
      <symbol id="sm-57">
         <name>_timer</name>
         <value>0xac04</value>
         <object_component_ref idref="oc-14"/>
      </symbol>
      <symbol id="sm-58">
         <name>_debug_data</name>
         <value>0xac06</value>
         <object_component_ref idref="oc-14"/>
      </symbol>
      <symbol id="sm-59">
         <name>_counter</name>
         <value>0xac00</value>
         <object_component_ref idref="oc-14"/>
      </symbol>
      <symbol id="sm-6e">
         <name>_Device_initGPIO</name>
         <value>0x828bc</value>
         <object_component_ref idref="oc-130"/>
      </symbol>
      <symbol id="sm-6f">
         <name>___error__</name>
         <value>0x828cc</value>
         <object_component_ref idref="oc-130"/>
      </symbol>
      <symbol id="sm-70">
         <name>_Device_init</name>
         <value>0x827a8</value>
         <object_component_ref idref="oc-130"/>
      </symbol>
      <symbol id="sm-71">
         <name>_Device_enableAllPeripherals</name>
         <value>0x827ee</value>
         <object_component_ref idref="oc-130"/>
      </symbol>
      <symbol id="sm-7e">
         <name>code_start</name>
         <value>0x80000</value>
         <object_component_ref idref="oc-11"/>
      </symbol>
      <symbol id="sm-13c">
         <name>_Flash_initModule</name>
         <value>0x80e8</value>
         <object_component_ref idref="oc-137"/>
      </symbol>
      <symbol id="sm-13d">
         <name>_Flash_powerDown</name>
         <value>0x82bb5</value>
         <object_component_ref idref="oc-13e"/>
      </symbol>
      <symbol id="sm-184">
         <name>_GPIO_setAnalogMode</name>
         <value>0x8221d</value>
         <object_component_ref idref="oc-138"/>
      </symbol>
      <symbol id="sm-185">
         <name>_GPIO_setMasterCore</name>
         <value>0x821e5</value>
         <object_component_ref idref="oc-138"/>
      </symbol>
      <symbol id="sm-186">
         <name>_GPIO_setInterruptPin</name>
         <value>0x82080</value>
         <object_component_ref idref="oc-138"/>
      </symbol>
      <symbol id="sm-187">
         <name>_GPIO_setQualificationPeriod</name>
         <value>0x821a9</value>
         <object_component_ref idref="oc-138"/>
      </symbol>
      <symbol id="sm-188">
         <name>_GPIO_setPinConfig</name>
         <value>0x82258</value>
         <object_component_ref idref="oc-138"/>
      </symbol>
      <symbol id="sm-189">
         <name>_GPIO_setDirectionMode</name>
         <value>0x8202f</value>
         <object_component_ref idref="oc-138"/>
      </symbol>
      <symbol id="sm-18a">
         <name>_GPIO_getQualificationMode</name>
         <value>0x8217c</value>
         <object_component_ref idref="oc-138"/>
      </symbol>
      <symbol id="sm-18b">
         <name>_GPIO_getDirectionMode</name>
         <value>0x82060</value>
         <object_component_ref idref="oc-138"/>
      </symbol>
      <symbol id="sm-18c">
         <name>_GPIO_getPadConfig</name>
         <value>0x82106</value>
         <object_component_ref idref="oc-138"/>
      </symbol>
      <symbol id="sm-18d">
         <name>_GPIO_setQualificationMode</name>
         <value>0x82144</value>
         <object_component_ref idref="oc-138"/>
      </symbol>
      <symbol id="sm-18e">
         <name>_GPIO_setPadConfig</name>
         <value>0x820b4</value>
         <object_component_ref idref="oc-138"/>
      </symbol>
      <symbol id="sm-1dd">
         <name>_Interrupt_enable</name>
         <value>0x8256f</value>
         <object_component_ref idref="oc-131"/>
      </symbol>
      <symbol id="sm-1de">
         <name>_Interrupt_initVectorTable</name>
         <value>0x8254f</value>
         <object_component_ref idref="oc-131"/>
      </symbol>
      <symbol id="sm-1df">
         <name>_Interrupt_disable</name>
         <value>0x825a3</value>
         <object_component_ref idref="oc-131"/>
      </symbol>
      <symbol id="sm-1e0">
         <name>_Interrupt_initModule</name>
         <value>0x82512</value>
         <object_component_ref idref="oc-131"/>
      </symbol>
      <symbol id="sm-25c">
         <name>_SCI_enableInterrupt</name>
         <value>0x81eaa</value>
         <object_component_ref idref="oc-139"/>
      </symbol>
      <symbol id="sm-25d">
         <name>_SCI_clearInterruptStatus</name>
         <value>0x81f83</value>
         <object_component_ref idref="oc-139"/>
      </symbol>
      <symbol id="sm-25e">
         <name>_SCI_getInterruptStatus</name>
         <value>0x81f34</value>
         <object_component_ref idref="oc-139"/>
      </symbol>
      <symbol id="sm-25f">
         <name>_SCI_setConfig</name>
         <value>0x81df0</value>
         <object_component_ref idref="oc-139"/>
      </symbol>
      <symbol id="sm-260">
         <name>_SCI_disableInterrupt</name>
         <value>0x81eee</value>
         <object_component_ref idref="oc-139"/>
      </symbol>
      <symbol id="sm-261">
         <name>_SCI_writeCharArray</name>
         <value>0x81e2e</value>
         <object_component_ref idref="oc-139"/>
      </symbol>
      <symbol id="sm-262">
         <name>_SCI_readCharArray</name>
         <value>0x81e6f</value>
         <object_component_ref idref="oc-139"/>
      </symbol>
      <symbol id="sm-2f2">
         <name>_SysCtl_selectXTALSingleEnded</name>
         <value>0x81b87</value>
         <object_component_ref idref="oc-136"/>
      </symbol>
      <symbol id="sm-2f3">
         <name>_SysCtl_selectXTAL</name>
         <value>0x81b63</value>
         <object_component_ref idref="oc-136"/>
      </symbol>
      <symbol id="sm-2f4">
         <name>_SysCtl_delay</name>
         <value>0x812c</value>
         <object_component_ref idref="oc-b7"/>
      </symbol>
      <symbol id="sm-2f5">
         <name>_SysCtl_selectOscSource</name>
         <value>0x81ba1</value>
         <object_component_ref idref="oc-136"/>
      </symbol>
      <symbol id="sm-2f6">
         <name>_SysCtl_isPLLValid</name>
         <value>0x81c6c</value>
         <object_component_ref idref="oc-136"/>
      </symbol>
      <symbol id="sm-2f7">
         <name>_SysCtl_setClock</name>
         <value>0x81abd</value>
         <object_component_ref idref="oc-136"/>
      </symbol>
      <symbol id="sm-2f8">
         <name>_SysCtl_getLowSpeedClock</name>
         <value>0x81bf7</value>
         <object_component_ref idref="oc-136"/>
      </symbol>
      <symbol id="sm-2f9">
         <name>_SysCtl_getClock</name>
         <value>0x81a4f</value>
         <object_component_ref idref="oc-136"/>
      </symbol>
      <symbol id="sm-2fa">
         <name>_SysCtl_getDeviceParametric</name>
         <value>0x81c11</value>
         <object_component_ref idref="oc-136"/>
      </symbol>
      <symbol id="sm-328">
         <name>_DebugTerminalInit</name>
         <value>0x82a4e</value>
         <object_component_ref idref="oc-132"/>
      </symbol>
      <symbol id="sm-329">
         <name>_msg</name>
         <value>0xac58</value>
         <object_component_ref idref="oc-c8"/>
      </symbol>
      <symbol id="sm-32a">
         <name>_puts</name>
         <value>0x82aac</value>
         <object_component_ref idref="oc-132"/>
      </symbol>
      <symbol id="sm-3f9">
         <name>_printf</name>
         <value>0x818aa</value>
         <object_component_ref idref="oc-133"/>
      </symbol>
      <symbol id="sm-3fa">
         <name>__ctype</name>
         <value>0x84000</value>
         <object_component_ref idref="oc-13c"/>
      </symbol>
      <symbol id="sm-42d">
         <name>___vla_dealloc</name>
         <value>0x825ee</value>
         <object_component_ref idref="oc-13b"/>
      </symbol>
      <symbol id="sm-42e">
         <name>___vla_alloc</name>
         <value>0x82690</value>
         <object_component_ref idref="oc-13b"/>
      </symbol>
      <symbol id="sm-42f">
         <name>___vla_dealloc_eh</name>
         <value>0x8263f</value>
         <object_component_ref idref="oc-13b"/>
      </symbol>
      <symbol id="sm-44a">
         <name>_c_int00</name>
         <value>0x82b3f</value>
         <object_component_ref idref="oc-da"/>
      </symbol>
      <symbol id="sm-44b">
         <name>__stack</name>
         <value>0x400</value>
         <object_component_ref idref="oc-db"/>
      </symbol>
      <symbol id="sm-45c">
         <name>FS$$DIV</name>
         <value>0x82ab7</value>
         <object_component_ref idref="oc-e1"/>
      </symbol>
      <symbol id="sm-46a">
         <name>ULL$$CMP</name>
         <value>0x82c51</value>
         <object_component_ref idref="oc-e6"/>
      </symbol>
      <symbol id="sm-46b">
         <name>LL$$CMP</name>
         <value>0x82c3f</value>
         <object_component_ref idref="oc-e6"/>
      </symbol>
      <symbol id="sm-497">
         <name>ULL$$MOD</name>
         <value>0x82978</value>
         <object_component_ref idref="oc-eb"/>
      </symbol>
      <symbol id="sm-498">
         <name>ULL$$DIV</name>
         <value>0x82949</value>
         <object_component_ref idref="oc-eb"/>
      </symbol>
      <symbol id="sm-499">
         <name>LL$$MOD</name>
         <value>0x8290f</value>
         <object_component_ref idref="oc-eb"/>
      </symbol>
      <symbol id="sm-49a">
         <name>LL$$DIV</name>
         <value>0x828d3</value>
         <object_component_ref idref="oc-eb"/>
      </symbol>
      <symbol id="sm-4a8">
         <name>I$$MOD</name>
         <value>0x82c2e</value>
         <object_component_ref idref="oc-f0"/>
      </symbol>
      <symbol id="sm-4a9">
         <name>I$$DIV</name>
         <value>0x82c1d</value>
         <object_component_ref idref="oc-f0"/>
      </symbol>
      <symbol id="sm-4b8">
         <name>_copy_in</name>
         <value>0x82bf9</value>
         <object_component_ref idref="oc-128"/>
      </symbol>
      <symbol id="sm-4c9">
         <name>_memcpy</name>
         <value>0x82c5d</value>
         <object_component_ref idref="oc-12c"/>
      </symbol>
      <symbol id="sm-4d5">
         <name>__system_pre_init</name>
         <value>0x81ffe</value>
         <object_component_ref idref="oc-127"/>
      </symbol>
      <symbol id="sm-4e2">
         <name>__system_post_cinit</name>
         <value>0x82c97</value>
         <object_component_ref idref="oc-129"/>
      </symbol>
      <symbol id="sm-4f6">
         <name>C$$EXIT</name>
         <value>0x82bd0</value>
         <object_component_ref idref="oc-12b"/>
      </symbol>
      <symbol id="sm-4f7">
         <name>_exit</name>
         <value>0x82bd2</value>
         <object_component_ref idref="oc-12b"/>
      </symbol>
      <symbol id="sm-4f8">
         <name>___TI_cleanup_ptr</name>
         <value>0xac50</value>
         <object_component_ref idref="oc-10b"/>
      </symbol>
      <symbol id="sm-4f9">
         <name>___TI_enable_exit_profile_output</name>
         <value>0xac4e</value>
         <object_component_ref idref="oc-10b"/>
      </symbol>
      <symbol id="sm-4fa">
         <name>_abort</name>
         <value>0x82bd0</value>
         <object_component_ref idref="oc-12b"/>
      </symbol>
      <symbol id="sm-4fb">
         <name>___TI_dtors_ptr</name>
         <value>0xac52</value>
         <object_component_ref idref="oc-10b"/>
      </symbol>
      <symbol id="sm-542">
         <name>__sys_memory</name>
         <value>0xa800</value>
         <object_component_ref idref="oc-113"/>
      </symbol>
      <symbol id="sm-543">
         <name>_chkheap</name>
         <value>0x82448</value>
         <object_component_ref idref="oc-13f"/>
      </symbol>
      <symbol id="sm-544">
         <name>_realloc</name>
         <value>0x82356</value>
         <object_component_ref idref="oc-13f"/>
      </symbol>
      <symbol id="sm-545">
         <name>_free_memory</name>
         <value>0x8242a</value>
         <object_component_ref idref="oc-13f"/>
      </symbol>
      <symbol id="sm-546">
         <name>_max_free</name>
         <value>0x82408</value>
         <object_component_ref idref="oc-13f"/>
      </symbol>
      <symbol id="sm-547">
         <name>_free</name>
         <value>0x8228f</value>
         <object_component_ref idref="oc-13f"/>
      </symbol>
      <symbol id="sm-548">
         <name>_calloc</name>
         <value>0x8244a</value>
         <object_component_ref idref="oc-13f"/>
      </symbol>
      <symbol id="sm-549">
         <name>_malloc</name>
         <value>0x822f8</value>
         <object_component_ref idref="oc-13f"/>
      </symbol>
      <symbol id="sm-54a">
         <name>_minit</name>
         <value>0x822d3</value>
         <object_component_ref idref="oc-13f"/>
      </symbol>
      <symbol id="sm-55e">
         <name>__unlock</name>
         <value>0xac56</value>
         <object_component_ref idref="oc-13d"/>
      </symbol>
      <symbol id="sm-55f">
         <name>__lock</name>
         <value>0xac54</value>
         <object_component_ref idref="oc-12e"/>
      </symbol>
      <symbol id="sm-560">
         <name>__register_lock</name>
         <value>0x81ff9</value>
         <object_component_ref idref="oc-134"/>
      </symbol>
      <symbol id="sm-561">
         <name>__nop</name>
         <value>0x81ffd</value>
         <object_component_ref idref="oc-134"/>
      </symbol>
      <symbol id="sm-562">
         <name>__register_unlock</name>
         <value>0x81ff5</value>
         <object_component_ref idref="oc-134"/>
      </symbol>
      <symbol id="sm-571">
         <name>__args_main</name>
         <value>0x82c7b</value>
         <object_component_ref idref="oc-12a"/>
      </symbol>
      <symbol id="sm-57d">
         <name>___abort_execution</name>
         <value>0x82c94</value>
         <object_component_ref idref="oc-140"/>
      </symbol>
   </symbol_table>
   <title>Link successful</title>
</link_info>
